[1005/031220.309:WARNING:components\leveldb_proto\internal\leveldb_database.cc:102] Unable to open C:\Ryoko\Projects\home-seek\local_session\Default\shared_proto_db\metadata: IO error: C:\Ryoko\Projects\home-seek\local_session\Default\shared_proto_db\metadata/MANIFEST-000001: Unable to create sequential file (ChromeMethodBFE: 7::NewSequentialFile::1)
[1005/031220.313:WARNING:components\leveldb_proto\internal\leveldb_database.cc:102] Unable to open C:\Ryoko\Projects\home-seek\local_session\Default\shared_proto_db\metadata: IO error: C:\Ryoko\Projects\home-seek\local_session\Default\shared_proto_db\metadata/MANIFEST-000001: Unable to create sequential file (ChromeMethodBFE: 7::NewSequentialFile::1)
[1005/031220.316:WARNING:components\leveldb_proto\internal\leveldb_database.cc:102] Unable to open C:\Ryoko\Projects\home-seek\local_session\Default\shared_proto_db\metadata: IO error: C:\Ryoko\Projects\home-seek\local_session\Default\shared_proto_db\metadata/MANIFEST-000001: Unable to create sequential file (ChromeMethodBFE: 7::NewSequentialFile::1)
[1005/031220.321:WARNING:components\leveldb_proto\internal\leveldb_database.cc:102] Unable to open C:\Ryoko\Projects\home-seek\local_session\Default\shared_proto_db\metadata: IO error: C:\Ryoko\Projects\home-seek\local_session\Default\shared_proto_db\metadata/MANIFEST-000001: Unable to create sequential file (ChromeMethodBFE: 7::NewSequentialFile::1)
[1005/031220.797:INFO:CONSOLE:0] "Error with Permissions-Policy header: Unrecognized feature: 'attribution-reporting'.", source:  (0)
[1005/031220.797:INFO:CONSOLE:0] "Error with Permissions-Policy header: Unrecognized feature: 'shared-storage'.", source:  (0)
[1005/031220.797:INFO:CONSOLE:0] "Error with Permissions-Policy header: Unrecognized feature: 'shared-storage-select-url'.", source:  (0)
[1005/031221.118:INFO:CONSOLE:252] "
%cStop! font-family:helvetica; font-size:20px; font-size:50px; font-weight:bold; color:red; -webkit-text-stroke:1px black;", source: https://static.xx.fbcdn.net/rsrc.php/v4/yq/r/53qtSEs4uXL.js (252)
[1005/031221.118:INFO:CONSOLE:252] "
%cThis is a browser feature intended for developers. If someone told you to copy and paste something here to enable a Facebook feature or "hack" someone's account, it's a scam and will give them access to your Facebook account. font-family:helvetica; font-size:20px; ", source: https://static.xx.fbcdn.net/rsrc.php/v4/yq/r/53qtSEs4uXL.js (252)
[1005/031221.118:INFO:CONSOLE:252] "
%cSee https://www.facebook.com/selfxss for more information. font-family:helvetica; font-size:20px; ", source: https://static.xx.fbcdn.net/rsrc.php/v4/yq/r/53qtSEs4uXL.js (252)
[1005/031221.118:INFO:CONSOLE:252] "
%c ", source: https://static.xx.fbcdn.net/rsrc.php/v4/yq/r/53qtSEs4uXL.js (252)
[1005/031221.164:INFO:CONSOLE:85] "ErrorUtils caught an error:

Error connecting to Credential Management service.

Subsequent non-fatal errors won't be logged; see https://fburl.com/debugjs. [object Object]", source: https://static.xx.fbcdn.net/rsrc.php/v4/yq/r/53qtSEs4uXL.js (85)
[1005/031221.333:INFO:CONSOLE:2] "JQMIGRATE: Migrate is installed with logging active, version 3.5.2", source: https://www.property24.com/bundles/assets/ot4xl5a24tmf.js (2)
[1005/031221.343:INFO:CONSOLE:2] "JQMIGRATE: jQuery.fn.scroll() event shorthand is deprecated", source: https://www.property24.com/bundles/assets/ot4xl5a24tmf.js (2)
[1005/031221.343:INFO:CONSOLE:2] "console.trace", source: https://www.property24.com/bundles/assets/ot4xl5a24tmf.js (2)
[1005/031221.346:INFO:CONSOLE:2] "JQMIGRATE: jQuery.fn.unbind() is deprecated", source: https://www.property24.com/bundles/assets/ot4xl5a24tmf.js (2)
[1005/031221.346:INFO:CONSOLE:2] "console.trace", source: https://www.property24.com/bundles/assets/ot4xl5a24tmf.js (2)
[1005/031221.518:INFO:CONSOLE:23] "[GPT] PubAdsService.setTargeting is deprecated, use googletag.setConfig({targeting: ...}) instead.
https://goo.gle/gpt-message#170", source: https://securepubads.g.doubleclick.net/pagead/managed/js/gpt/m202609300101/pubads_impl.js?cb=122881342 (23)
[1005/031221.634:INFO:CONSOLE:60] "Canvas2D: Multiple readback operations using getImageData are faster with the willReadFrequently attribute set to true. See: https://html.spec.whatwg.org/multipage/canvas.html#concept-canvas-will-read-frequently", source: https://static.xx.fbcdn.net/rsrc.php/v4/yj/r/atBZ6RzieZ4.js (60)
[1005/031221.685:INFO:CONSOLE:0] "[.WebGL-0x1e0c01c08e00]GL Driver Message (OpenGL, Performance, GL_CLOSE_PATH_NV, High): GPU stall due to ReadPixels", source: https://www.facebook.com/ (0)
[1005/031222.715:INFO:CONSOLE:88] "[GSI_LOGGER]: FedCM get() rejects with TypeError: Failed to execute 'get' on 'CredentialsContainer': Failed to read the 'identity' property from 'CredentialRequestOptions': Failed to read the 'mode' property from 'IdentityCredentialRequestOptions': The provided value 'widget' is not a valid enum value of type IdentityCredentialRequestOptionsMode.", source: https://accounts.google.com/gsi/client (88)
